
> nx run people:test --testFile=src/app/services/permissions.service.spec.ts

  [2m[33mconsole.warn[39m[22m
[33m    Setting testEnvironmentOptions via globalThis.ngJest is deprecated. Please provide testEnvironmentOptions via function argument[39m
[2m[22m
[2m    [0m [90m 14 |[39m[22m
[2m     [90m 15 |[39m [90m// Inicializa el entorno de pruebas de Angular para Jest (TestBed, Zone.js, etc.)[39m[22m
[2m    [31m[1m>[22m[2m[39m[90m 16 |[39m setupZoneTestEnv()[33m;[39m[22m
[2m     [90m    |[39m                 [31m[1m^[22m[2m[39m[22m
[2m     [90m 17 |[39m[22m
[2m     [90m 18 |[39m declare global {[22m
[2m     [90m 19 |[39m   [36minterface[39m [33mWindow[39m {[0m[22m
[2m[22m
[2m      [2mat resolveTestEnvOptions ([22m[2mnode_modules/jest-preset-angular/setup-env/utils.js[2m:13:17)[22m[2m[22m
[2m      [2mat setupZoneTestEnv ([22m[2mnode_modules/jest-preset-angular/setup-env/zone/index.js[2m:14:36)[22m[2m[22m
[2m      [2mat Object.<anonymous> ([22m[2msrc/test-setup.ts[2m:16:17)[22m[2m[22m
[0m[7m[1m[31m FAIL [39m[22m[27m[0m [0m[7m[37m people [39m[27m[0m [2msrc/app/services/[22m[1mpermissions.service.spec.ts[22m
  PermissionsService
    [32m✓[39m [2mshould be created (41 ms)[22m
    [32m✓[39m [2mshould return all permission definitions (9 ms)[22m
    [32m✓[39m [2mshould build user profiles correctly (10 ms)[22m
    [31m✕[39m [2mshould delegate updatePositionPermissions to PositionsStore (16 ms)[22m
[1m[31m  [1m● [22m[1mPermissionsService › should delegate updatePositionPermissions to PositionsStore[39m[22m
    TypeError: Cannot read properties of undefined (reading 'subscribe')
[2m[22m
[2m    [0m [90m 362 |[39m[22m
[2m     [90m 363 |[39m     [36mif[39m ([33mObject[39m[33m.[39mkeys(updates)[33m.[39mlength [33m>[39m [35m0[39m) {[22m
[2m    [31m[1m>[22m[2m[39m[90m 364 |[39m       [36mawait[39m firstValueFrom([22m
[2m     [90m     |[39m                           [31m[1m^[22m[2m[39m[22m
[2m     [90m 365 |[39m         [36mthis[39m[33m.[39mpositionsStore[33m.[39meditItem({ id[33m:[39m positionId[33m,[39m [33m...[39mupdates } [36mas[39m any)[22m
[2m     [90m 366 |[39m       )[33m;[39m[22m
[2m     [90m 367 |[39m     }[0m[22m
[2m[22m
[2m      [2mat [22m[2mnode_modules/rxjs/src/internal/firstValueFrom.ts[2m:73:12[22m[2m[22m
[2m      [2mat new ZoneAwarePromise ([22m[2mnode_modules/zone.js/bundles/zone.umd.js[2m:2580:29)[22m[2m[22m
[2m      [2mat firstValueFrom ([22m[2mnode_modules/rxjs/src/internal/firstValueFrom.ts[2m:58:10)[22m[2m[22m
[2m      [2mat PermissionsService.<anonymous> ([22m[2msrc/app/services/permissions.service.ts[2m:364:27)[22m[2m[22m
[2m      [2mat [22m[2mnode_modules/tslib/tslib.js[2m:170:75[22m[2m[22m
[2m      [2mat new ZoneAwarePromise ([22m[2mnode_modules/zone.js/bundles/zone.umd.js[2m:2580:29)[22m[2m[22m
[2m      [2mat Object.__awaiter ([22m[2mnode_modules/tslib/tslib.js[2m:166:16)[22m[2m[22m
[2m      [2mat PermissionsService.updatePositionPermissions ([22m[2msrc/app/services/permissions.service.ts[2m:294:24)[22m[2m[22m
[2m      [2mat [22m[2m[0m[36msrc/app/services/permissions.service.spec.ts[39m[0m[2m:102:19[22m[2m[22m
[2m      [2mat [22m[2mnode_modules/tslib/tslib.js[2m:170:75[22m[2m[22m
[2m      [2mat new ZoneAwarePromise ([22m[2mnode_modules/zone.js/bundles/zone.umd.js[2m:2580:29)[22m[2m[22m
[2m      [2mat Object.__awaiter ([22m[2mnode_modules/tslib/tslib.js[2m:166:16)[22m[2m[22m
[2m      [2mat [22m[2m[0m[36msrc/app/services/permissions.service.spec.ts[39m[0m[2m:101:80[22m[2m[22m
[2m      [2mat _ZoneDelegate.invoke ([22m[2mnode_modules/zone.js/bundles/zone.umd.js[2m:410:32)[22m[2m[22m
[2m      [2mat ProxyZoneSpec.onInvoke ([22m[2mnode_modules/zone.js/bundles/zone-testing.umd.js[2m:2219:43)[22m[2m[22m
[2m      [2mat _ZoneDelegate.invoke ([22m[2mnode_modules/zone.js/bundles/zone.umd.js[2m:409:38)[22m[2m[22m
[2m      [2mat ZoneImpl.run ([22m[2mnode_modules/zone.js/bundles/zone.umd.js[2m:145:47)[22m[2m[22m
[2m      [2mat Object.wrappedFunc ([22m[2mnode_modules/zone.js/bundles/zone-testing.umd.js[2m:449:38)[22m[2m[22m
[1mTest Suites: [22m[1m[31m1 failed[39m[22m, 1 total
[1mTests:       [22m[1m[31m1 failed[39m[22m, [1m[32m3 passed[39m[22m, 4 total
[1mSnapshots:   [22m0 total
[1mTime:[22m        3.699 s, estimated 8 s
[2mRan all test suites[22m[2m matching [22msrc/app/services/permissions.service.spec.ts[2m.[22m



 NX   Running target test for project people failed

Failed tasks:

- people:test

Hint: run the command with --verbose for more details.

